// Jest Snapshot v1, https://goo.gl/fbAQLP

exports[`renders a RDS cluster 1`] = `
"{
  \\"//\\": {
    \\"metadata\\": {
      \\"version\\": \\"stubbed\\",
      \\"stackName\\": \\"test\\"
    }
  },
  \\"data\\": {
    \\"aws_vpc\\": {
      \\"testRDSCluster_vpc_F47EEEFE\\": {
        \\"filter\\": [
          {
            \\"name\\": \\"vpc-id\\",
            \\"values\\": [
              \\"rug\\"
            ]
          }
        ],
        \\"//\\": {
          \\"metadata\\": {
            \\"path\\": \\"test/testRDSCluster/vpc\\",
            \\"uniqueId\\": \\"testRDSCluster_vpc_F47EEEFE\\"
          }
        }
      }
    }
  },
  \\"resource\\": {
    \\"aws_security_group\\": {
      \\"testRDSCluster_rds_security_group_4A9D257E\\": {
        \\"description\\": \\"Managed by Terraform\\",
        \\"egress\\": [
          {
            \\"cidr_blocks\\": [
              \\"0.0.0.0/0\\"
            ],
            \\"description\\": \\"required\\",
            \\"from_port\\": 0,
            \\"ipv6_cidr_blocks\\": [],
            \\"prefix_list_ids\\": [],
            \\"protocol\\": \\"-1\\",
            \\"security_groups\\": [],
            \\"self\\": null,
            \\"to_port\\": 0
          }
        ],
        \\"ingress\\": [
          {
            \\"cidr_blocks\\": [
              \\"\${data.aws_vpc.testRDSCluster_vpc_F47EEEFE.cidr_block}\\"
            ],
            \\"description\\": null,
            \\"from_port\\": 3306,
            \\"ipv6_cidr_blocks\\": null,
            \\"prefix_list_ids\\": null,
            \\"protocol\\": \\"tcp\\",
            \\"security_groups\\": null,
            \\"self\\": null,
            \\"to_port\\": 3306
          }
        ],
        \\"name_prefix\\": \\"bowling-\\",
        \\"vpc_id\\": \\"\${data.aws_vpc.testRDSCluster_vpc_F47EEEFE.id}\\",
        \\"//\\": {
          \\"metadata\\": {
            \\"path\\": \\"test/testRDSCluster/rds_security_group\\",
            \\"uniqueId\\": \\"testRDSCluster_rds_security_group_4A9D257E\\"
          }
        }
      }
    },
    \\"aws_db_subnet_group\\": {
      \\"testRDSCluster_rds_subnet_group_88022457\\": {
        \\"name_prefix\\": \\"bowling-\\",
        \\"subnet_ids\\": [
          \\"0\\",
          \\"1\\"
        ],
        \\"//\\": {
          \\"metadata\\": {
            \\"path\\": \\"test/testRDSCluster/rds_subnet_group\\",
            \\"uniqueId\\": \\"testRDSCluster_rds_subnet_group_88022457\\"
          }
        }
      }
    },
    \\"aws_rds_cluster\\": {
      \\"testRDSCluster_rds_cluster_B5FD08B5\\": {
        \\"cluster_identifier_prefix\\": \\"bowling-\\",
        \\"copy_tags_to_snapshot\\": true,
        \\"database_name\\": \\"walter\\",
        \\"db_subnet_group_name\\": \\"\${aws_db_subnet_group.testRDSCluster_rds_subnet_group_88022457.name}\\",
        \\"master_password\\": \\"bowling\\",
        \\"master_username\\": \\"walter\\",
        \\"tags\\": {
          \\"whodis\\": \\"walter\\"
        },
        \\"vpc_security_group_ids\\": [
          \\"\${aws_security_group.testRDSCluster_rds_security_group_4A9D257E.id}\\"
        ],
        \\"lifecycle\\": {
          \\"ignore_changes\\": [
            \\"master_username\\",
            \\"master_password\\"
          ]
        },
        \\"//\\": {
          \\"metadata\\": {
            \\"path\\": \\"test/testRDSCluster/rds_cluster\\",
            \\"uniqueId\\": \\"testRDSCluster_rds_cluster_B5FD08B5\\"
          }
        }
      }
    },
    \\"aws_secretsmanager_secret\\": {
      \\"testRDSCluster_rds_secret_A2014138\\": {
        \\"description\\": \\"Secret For \${aws_rds_cluster.testRDSCluster_rds_cluster_B5FD08B5.cluster_identifier}\\",
        \\"name\\": \\"bowling-/\${aws_rds_cluster.testRDSCluster_rds_cluster_B5FD08B5.cluster_identifier}\\",
        \\"depends_on\\": [
          \\"aws_rds_cluster.testRDSCluster_rds_cluster_B5FD08B5\\"
        ],
        \\"//\\": {
          \\"metadata\\": {
            \\"path\\": \\"test/testRDSCluster/rds_secret\\",
            \\"uniqueId\\": \\"testRDSCluster_rds_secret_A2014138\\"
          }
        }
      }
    },
    \\"aws_secretsmanager_secret_version\\": {
      \\"testRDSCluster_rds_secret_version_55C44893\\": {
        \\"secret_id\\": \\"\${aws_secretsmanager_secret.testRDSCluster_rds_secret_A2014138.id}\\",
        \\"secret_string\\": \\"{\\\\\\"engine\\\\\\":\\\\\\"\${aws_rds_cluster.testRDSCluster_rds_cluster_B5FD08B5.engine}\\\\\\",\\\\\\"host\\\\\\":\\\\\\"\${aws_rds_cluster.testRDSCluster_rds_cluster_B5FD08B5.endpoint}\\\\\\",\\\\\\"username\\\\\\":\\\\\\"\${aws_rds_cluster.testRDSCluster_rds_cluster_B5FD08B5.master_username}\\\\\\",\\\\\\"password\\\\\\":\\\\\\"\${aws_rds_cluster.testRDSCluster_rds_cluster_B5FD08B5.master_password}\\\\\\",\\\\\\"dbname\\\\\\":\\\\\\"\${aws_rds_cluster.testRDSCluster_rds_cluster_B5FD08B5.database_name}\\\\\\",\\\\\\"port\\\\\\":3306}\\",
        \\"depends_on\\": [
          \\"aws_secretsmanager_secret.testRDSCluster_rds_secret_A2014138\\"
        ],
        \\"//\\": {
          \\"metadata\\": {
            \\"path\\": \\"test/testRDSCluster/rds_secret_version\\",
            \\"uniqueId\\": \\"testRDSCluster_rds_secret_version_55C44893\\"
          }
        }
      }
    }
  }
}"
`;
