// Jest Snapshot v1, https://goo.gl/fbAQLP

exports[`renders autoscaling without tags 1`] = `
"{
  \\"//\\": {
    \\"metadata\\": {
      \\"version\\": \\"stubbed\\",
      \\"stackName\\": \\"test\\"
    }
  },
  \\"data\\": {
    \\"aws_iam_policy_document\\": {
      \\"testAutoscaling_autoscaling_assume_C6A98B8F\\": {
        \\"statement\\": [
          {
            \\"effect\\": \\"Allow\\",
            \\"actions\\": [
              \\"sts:AssumeRole\\"
            ],
            \\"principals\\": [
              {
                \\"identifiers\\": [
                  \\"ecs.application-autoscaling.amazonaws.com\\"
                ],
                \\"type\\": \\"Service\\"
              }
            ]
          }
        ],
        \\"//\\": {
          \\"metadata\\": {
            \\"path\\": \\"test/testAutoscaling/autoscaling_assume\\",
            \\"uniqueId\\": \\"testAutoscaling_autoscaling_assume_C6A98B8F\\"
          }
        }
      },
      \\"testAutoscaling_role_policy_1080311F\\": {
        \\"statement\\": [
          {
            \\"effect\\": \\"Allow\\",
            \\"actions\\": [
              \\"cloudwatch:PutMetricAlarm\\",
              \\"cloudwatch:DescribeAlarms\\",
              \\"cloudwatch:DeleteAlarms\\"
            ],
            \\"resources\\": [
              \\"arn:aws:cloudwatch:*:*:alarm:/ecs-service-test*\\"
            ]
          },
          {
            \\"effect\\": \\"Allow\\",
            \\"actions\\": [
              \\"ecs:DescribeServices\\",
              \\"ecs:UpdateService\\"
            ],
            \\"resources\\": [
              \\"arn:aws:ecs:*:*:service/ecs-service-test*\\"
            ]
          }
        ],
        \\"//\\": {
          \\"metadata\\": {
            \\"path\\": \\"test/testAutoscaling/role_policy\\",
            \\"uniqueId\\": \\"testAutoscaling_role_policy_1080311F\\"
          }
        }
      }
    }
  },
  \\"resource\\": {
    \\"aws_iam_role\\": {
      \\"testAutoscaling_autoscaling_role_B028EC31\\": {
        \\"assume_role_policy\\": \\"\${data.aws_iam_policy_document.testAutoscaling_autoscaling_assume_C6A98B8F.json}\\",
        \\"name\\": \\"test--AutoScalingRole\\",
        \\"//\\": {
          \\"metadata\\": {
            \\"path\\": \\"test/testAutoscaling/autoscaling_role\\",
            \\"uniqueId\\": \\"testAutoscaling_autoscaling_role_B028EC31\\"
          }
        }
      }
    },
    \\"aws_iam_role_policy\\": {
      \\"testAutoscaling_autoscaling_role_policy_96217706\\": {
        \\"name\\": \\"test--AutoScalingPolicy\\",
        \\"policy\\": \\"\${data.aws_iam_policy_document.testAutoscaling_role_policy_1080311F.json}\\",
        \\"role\\": \\"\${aws_iam_role.testAutoscaling_autoscaling_role_B028EC31.id}\\",
        \\"//\\": {
          \\"metadata\\": {
            \\"path\\": \\"test/testAutoscaling/autoscaling_role_policy\\",
            \\"uniqueId\\": \\"testAutoscaling_autoscaling_role_policy_96217706\\"
          }
        }
      }
    },
    \\"aws_appautoscaling_target\\": {
      \\"testAutoscaling_autoscaling_target_DFDF5955\\": {
        \\"max_capacity\\": 5,
        \\"min_capacity\\": 1,
        \\"resource_id\\": \\"service/ecs-cluster-test/ecs-service-test\\",
        \\"role_arn\\": \\"\${aws_iam_role.testAutoscaling_autoscaling_role_B028EC31.arn}\\",
        \\"scalable_dimension\\": \\"ecs:service:DesiredCount\\",
        \\"service_namespace\\": \\"ecs\\",
        \\"//\\": {
          \\"metadata\\": {
            \\"path\\": \\"test/testAutoscaling/autoscaling_target\\",
            \\"uniqueId\\": \\"testAutoscaling_autoscaling_target_DFDF5955\\"
          }
        }
      }
    },
    \\"aws_appautoscaling_policy\\": {
      \\"testAutoscaling_scale_out_policy_DE69B04C\\": {
        \\"name\\": \\"test--ScaleOutPolicy\\",
        \\"policy_type\\": \\"StepScaling\\",
        \\"resource_id\\": \\"service/ecs-cluster-test/ecs-service-test\\",
        \\"scalable_dimension\\": \\"ecs:service:DesiredCount\\",
        \\"service_namespace\\": \\"ecs\\",
        \\"step_scaling_policy_configuration\\": [
          {
            \\"adjustmentType\\": \\"ChangeInCapacity\\",
            \\"cooldown\\": 60,
            \\"metricAggregationType\\": \\"Average\\",
            \\"stepAdjustment\\": [
              {
                \\"metricIntervalLowerBound\\": \\"0\\",
                \\"scalingAdjustment\\": 2
              }
            ]
          }
        ],
        \\"depends_on\\": [
          \\"aws_appautoscaling_target.testAutoscaling_autoscaling_target_DFDF5955\\"
        ],
        \\"//\\": {
          \\"metadata\\": {
            \\"path\\": \\"test/testAutoscaling/scale_out_policy\\",
            \\"uniqueId\\": \\"testAutoscaling_scale_out_policy_DE69B04C\\"
          }
        }
      },
      \\"testAutoscaling_scale_in_policy_8085C07C\\": {
        \\"name\\": \\"test--ScaleInPolicy\\",
        \\"policy_type\\": \\"StepScaling\\",
        \\"resource_id\\": \\"service/ecs-cluster-test/ecs-service-test\\",
        \\"scalable_dimension\\": \\"ecs:service:DesiredCount\\",
        \\"service_namespace\\": \\"ecs\\",
        \\"step_scaling_policy_configuration\\": [
          {
            \\"adjustmentType\\": \\"ChangeInCapacity\\",
            \\"cooldown\\": 60,
            \\"metricAggregationType\\": \\"Average\\",
            \\"stepAdjustment\\": [
              {
                \\"metricIntervalUpperBound\\": \\"0\\",
                \\"scalingAdjustment\\": -1
              }
            ]
          }
        ],
        \\"depends_on\\": [
          \\"aws_appautoscaling_target.testAutoscaling_autoscaling_target_DFDF5955\\"
        ],
        \\"//\\": {
          \\"metadata\\": {
            \\"path\\": \\"test/testAutoscaling/scale_in_policy\\",
            \\"uniqueId\\": \\"testAutoscaling_scale_in_policy_8085C07C\\"
          }
        }
      }
    },
    \\"aws_cloudwatch_metric_alarm\\": {
      \\"testAutoscaling_scale_out_alarm_DBD72533\\": {
        \\"alarm_actions\\": [
          \\"\${aws_appautoscaling_policy.testAutoscaling_scale_out_policy_DE69B04C.arn}\\"
        ],
        \\"alarm_description\\": \\"Alarm to add capacity if CPU is high\\",
        \\"alarm_name\\": \\"test- Service High CPU\\",
        \\"comparison_operator\\": \\"GreaterThanThreshold\\",
        \\"dimensions\\": {
          \\"ClusterName\\": \\"ecs-cluster-test\\",
          \\"ServiceName\\": \\"ecs-service-test\\"
        },
        \\"evaluation_periods\\": 2,
        \\"metric_name\\": \\"CPUUtilization\\",
        \\"namespace\\": \\"AWS/ECS\\",
        \\"period\\": 60,
        \\"statistic\\": \\"Average\\",
        \\"threshold\\": 45,
        \\"treat_missing_data\\": \\"notBreaching\\",
        \\"//\\": {
          \\"metadata\\": {
            \\"path\\": \\"test/testAutoscaling/scale_out_alarm\\",
            \\"uniqueId\\": \\"testAutoscaling_scale_out_alarm_DBD72533\\"
          }
        }
      },
      \\"testAutoscaling_scale_in_alarm_D552E48E\\": {
        \\"alarm_actions\\": [
          \\"\${aws_appautoscaling_policy.testAutoscaling_scale_in_policy_8085C07C.arn}\\"
        ],
        \\"alarm_description\\": \\"Alarm to reduce capacity if container CPU is low\\",
        \\"alarm_name\\": \\"test- Service Low CPU\\",
        \\"comparison_operator\\": \\"LessThanThreshold\\",
        \\"dimensions\\": {
          \\"ClusterName\\": \\"ecs-cluster-test\\",
          \\"ServiceName\\": \\"ecs-service-test\\"
        },
        \\"evaluation_periods\\": 2,
        \\"metric_name\\": \\"CPUUtilization\\",
        \\"namespace\\": \\"AWS/ECS\\",
        \\"period\\": 60,
        \\"statistic\\": \\"Average\\",
        \\"threshold\\": 30,
        \\"treat_missing_data\\": \\"notBreaching\\",
        \\"//\\": {
          \\"metadata\\": {
            \\"path\\": \\"test/testAutoscaling/scale_in_alarm\\",
            \\"uniqueId\\": \\"testAutoscaling_scale_in_alarm_D552E48E\\"
          }
        }
      }
    }
  }
}"
`;
